2025-12-28 18:54:36 | INFO     | app.auth:sign_in:152 - Tentativa de login: cgscacau@gmail.com
2025-12-28 18:54:36 | INFO     | app.auth:get_supabase:104 - Cliente Supabase Auth criado
2025-12-28 18:54:37 | ERROR    | app.auth:sign_in:172 - Erro no login para cgscacau@gmail.com: Invalid login credentials
2025-12-28 18:54:37 | WARNING  | app.auth:require_login:385 - Falha de autenticação: Falha no login: Invalid login credentials
2025-12-28 18:54:52 | INFO     | app.auth:sign_up:222 - Tentativa de cadastro: cgscacau@gmail.com
2025-12-28 18:54:54 | ERROR    | app.auth:sign_up:249 - Erro no cadastro para cgscacau@gmail.com: User already registered
2025-12-28 18:54:54 | ERROR    | app.auth:require_login:448 - Erro no cadastro: Falha ao criar conta: User already registered
2025-12-28 18:55:06 | INFO     | app.auth:sign_in:152 - Tentativa de login: cgscacau@gmail.com
2025-12-28 18:55:07 | INFO     | app.auth:sign_in:161 - Login bem-sucedido: cgscacau@gmail.com
2025-12-28 18:55:24 | INFO     | app.db:get_supabase_client:55 - Cliente Supabase criado com sucesso
2025-12-28 18:59:45 | INFO     | app.auth:sign_in:152 - Tentativa de login: cgscacau@gmail.com
2025-12-28 18:59:45 | INFO     | app.auth:get_supabase:104 - Cliente Supabase Auth criado
2025-12-28 18:59:46 | INFO     | app.auth:sign_in:161 - Login bem-sucedido: cgscacau@gmail.com
2025-12-28 19:00:21 | INFO     | app.auth:sign_in:152 - Tentativa de login: cgscacau@gmail.com
2025-12-28 19:00:21 | INFO     | app.auth:get_supabase:104 - Cliente Supabase Auth criado
2025-12-28 19:00:22 | INFO     | app.auth:sign_in:161 - Login bem-sucedido: cgscacau@gmail.com
2025-12-28 19:01:23 | INFO     | app.auth:sign_in:152 - Tentativa de login: cgscacau@gmail.com
2025-12-28 19:01:23 | INFO     | app.auth:get_supabase:104 - Cliente Supabase Auth criado
2025-12-28 19:01:24 | INFO     | app.auth:sign_in:161 - Login bem-sucedido: cgscacau@gmail.com
2025-12-28 19:01:27 | INFO     | app.db:get_supabase_client:55 - Cliente Supabase criado com sucesso
2025-12-28 19:01:28 | INFO     | app.db:select:254 - Encontrados 0 registros em accounts
2025-12-28 19:02:15 | INFO     | app.db:select:254 - Encontrados 0 registros em accounts
2025-12-28 19:02:15 | INFO     | app.db:insert:157 - Inserindo em accounts: ['user_id', 'name', 'institution', 'type']
2025-12-28 19:02:16 | WARNING  | app.db:retry_on_failure:128 - Tentativa 1/3 falhou: {'code': 'PGRST204', 'details': None, 'hint': None, 'message': "Could not find the 'institution' column of 'accounts' in the schema cache"}
2025-12-28 19:02:20 | WARNING  | app.db:retry_on_failure:128 - Tentativa 2/3 falhou: {'code': 'PGRST204', 'details': None, 'hint': None, 'message': "Could not find the 'institution' column of 'accounts' in the schema cache"}
2025-12-28 19:02:23 | WARNING  | app.db:retry_on_failure:128 - Tentativa 3/3 falhou: {'code': 'PGRST204', 'details': None, 'hint': None, 'message': "Could not find the 'institution' column of 'accounts' in the schema cache"}
2025-12-28 19:02:23 | ERROR    | app.db:retry_on_failure:134 - Todas as 3 tentativas falharam
2025-12-28 19:02:23 | ERROR    | app.db:insert:171 - Erro ao inserir em accounts: {'code': 'PGRST204', 'details': None, 'hint': None, 'message': "Could not find the 'institution' column of 'accounts' in the schema cache"}
2025-12-28 19:04:09 | INFO     | app.auth:sign_in:152 - Tentativa de login: cgscacau@gmail.com
2025-12-28 19:04:09 | INFO     | app.auth:get_supabase:104 - Cliente Supabase Auth criado
2025-12-28 19:04:10 | INFO     | app.auth:sign_in:161 - Login bem-sucedido: cgscacau@gmail.com
2025-12-28 19:04:14 | INFO     | app.db:get_supabase_client:55 - Cliente Supabase criado com sucesso
2025-12-28 19:04:15 | INFO     | app.db:select:254 - Encontrados 0 registros em accounts
2025-12-28 19:04:26 | INFO     | app.db:select:254 - Encontrados 0 registros em accounts
2025-12-28 19:04:26 | INFO     | app.db:insert:157 - Inserindo em accounts: ['user_id', 'name', 'institution', 'type']
2025-12-28 19:04:27 | WARNING  | app.db:retry_on_failure:128 - Tentativa 1/3 falhou: {'code': 'PGRST204', 'details': None, 'hint': None, 'message': "Could not find the 'type' column of 'accounts' in the schema cache"}
2025-12-28 19:04:29 | WARNING  | app.db:retry_on_failure:128 - Tentativa 2/3 falhou: {'code': 'PGRST204', 'details': None, 'hint': None, 'message': "Could not find the 'type' column of 'accounts' in the schema cache"}
2025-12-28 19:04:31 | WARNING  | app.db:retry_on_failure:128 - Tentativa 3/3 falhou: {'code': 'PGRST204', 'details': None, 'hint': None, 'message': "Could not find the 'type' column of 'accounts' in the schema cache"}
2025-12-28 19:04:31 | ERROR    | app.db:retry_on_failure:134 - Todas as 3 tentativas falharam
2025-12-28 19:04:31 | ERROR    | app.db:insert:171 - Erro ao inserir em accounts: {'code': 'PGRST204', 'details': None, 'hint': None, 'message': "Could not find the 'type' column of 'accounts' in the schema cache"}
2025-12-28 19:06:07 | INFO     | app.auth:sign_in:152 - Tentativa de login: cgscacau@gmail.com
2025-12-28 19:06:07 | INFO     | app.auth:get_supabase:104 - Cliente Supabase Auth criado
2025-12-28 19:06:08 | INFO     | app.auth:sign_in:161 - Login bem-sucedido: cgscacau@gmail.com
2025-12-28 19:06:12 | INFO     | app.db:get_supabase_client:55 - Cliente Supabase criado com sucesso
2025-12-28 19:06:12 | INFO     | app.db:select:254 - Encontrados 0 registros em accounts
2025-12-28 19:06:22 | INFO     | app.db:select:254 - Encontrados 0 registros em accounts
2025-12-28 19:06:22 | INFO     | app.db:insert:157 - Inserindo em accounts: ['user_id', 'name', 'institution', 'type']
2025-12-28 19:06:23 | WARNING  | app.db:retry_on_failure:128 - Tentativa 1/3 falhou: {'code': 'PGRST204', 'details': None, 'hint': None, 'message': "Could not find the 'type' column of 'accounts' in the schema cache"}
2025-12-28 19:06:25 | WARNING  | app.db:retry_on_failure:128 - Tentativa 2/3 falhou: {'code': 'PGRST204', 'details': None, 'hint': None, 'message': "Could not find the 'type' column of 'accounts' in the schema cache"}
2025-12-28 19:06:27 | WARNING  | app.db:retry_on_failure:128 - Tentativa 3/3 falhou: {'code': 'PGRST204', 'details': None, 'hint': None, 'message': "Could not find the 'type' column of 'accounts' in the schema cache"}
2025-12-28 19:06:27 | ERROR    | app.db:retry_on_failure:134 - Todas as 3 tentativas falharam
2025-12-28 19:06:27 | ERROR    | app.db:insert:171 - Erro ao inserir em accounts: {'code': 'PGRST204', 'details': None, 'hint': None, 'message': "Could not find the 'type' column of 'accounts' in the schema cache"}
2025-12-28 19:08:58 | INFO     | app.auth:sign_in:152 - Tentativa de login: cgscacau@gmail.com
2025-12-28 19:08:58 | INFO     | app.auth:get_supabase:104 - Cliente Supabase Auth criado
2025-12-28 19:08:59 | INFO     | app.auth:sign_in:161 - Login bem-sucedido: cgscacau@gmail.com
2025-12-28 19:09:03 | INFO     | app.db:get_supabase_client:55 - Cliente Supabase criado com sucesso
2025-12-28 19:09:04 | INFO     | app.db:select:254 - Encontrados 0 registros em accounts
2025-12-28 19:09:13 | INFO     | app.db:select:254 - Encontrados 0 registros em accounts
2025-12-28 19:09:13 | INFO     | app.db:insert:157 - Inserindo em accounts: ['user_id', 'name', 'institution', 'account_type']
2025-12-28 19:09:14 | INFO     | app.db:insert:165 - Registro inserido com sucesso em accounts
2025-12-28 19:09:25 | INFO     | app.db:select:254 - Encontrados 1 registros em accounts
2025-12-28 19:10:07 | INFO     | app.db:select:254 - Encontrados 1 registros em accounts
2025-12-28 19:10:35 | INFO     | app.db:select:254 - Encontrados 1 registros em accounts
2025-12-28 19:18:04 | INFO     | app.auth:sign_in:152 - Tentativa de login: cgscacau@gmail.com
2025-12-28 19:18:04 | INFO     | app.auth:get_supabase:104 - Cliente Supabase Auth criado
2025-12-28 19:18:05 | INFO     | app.auth:sign_in:161 - Login bem-sucedido: cgscacau@gmail.com
2025-12-28 19:18:14 | INFO     | app.db:get_supabase_client:55 - Cliente Supabase criado com sucesso
2025-12-28 19:18:16 | INFO     | app.db:select:254 - Encontrados 1 registros em accounts
2025-12-28 19:18:34 | INFO     | app.db:select:254 - Encontrados 1 registros em accounts
2025-12-28 19:18:45 | INFO     | app.db:select:254 - Encontrados 1 registros em accounts
2025-12-28 19:18:55 | INFO     | app.db:select:254 - Encontrados 1 registros em accounts
2025-12-28 19:21:39 | INFO     | app.db:select:254 - Encontrados 1 registros em accounts
2025-12-28 19:21:43 | INFO     | app.db:select:254 - Encontrados 1 registros em accounts
2025-12-28 19:29:38 | INFO     | app.auth:sign_in:152 - Tentativa de login: cgscacau@gmail.com
2025-12-28 19:29:38 | INFO     | app.auth:get_supabase:104 - Cliente Supabase Auth criado
2025-12-28 19:29:39 | INFO     | app.auth:sign_in:161 - Login bem-sucedido: cgscacau@gmail.com
2025-12-28 19:29:42 | INFO     | app.db:get_supabase_client:55 - Cliente Supabase criado com sucesso
2025-12-28 19:32:05 | INFO     | app.auth:sign_in:152 - Tentativa de login: cgscacau@gmail.com
2025-12-28 19:32:05 | INFO     | app.auth:get_supabase:104 - Cliente Supabase Auth criado
2025-12-28 19:32:07 | INFO     | app.auth:sign_in:161 - Login bem-sucedido: cgscacau@gmail.com
2025-12-28 19:32:10 | INFO     | app.db:get_supabase_client:55 - Cliente Supabase criado com sucesso
2025-12-28 19:33:53 | INFO     | app.db:select:254 - Encontrados 1 registros em accounts
2025-12-28 19:33:59 | INFO     | app.db:select:254 - Encontrados 1 registros em accounts
2025-12-28 19:36:33 | INFO     | app.auth:sign_in:152 - Tentativa de login: cgscacau@gmail.com
2025-12-28 19:36:33 | INFO     | app.auth:get_supabase:104 - Cliente Supabase Auth criado
2025-12-28 19:36:34 | INFO     | app.auth:sign_in:161 - Login bem-sucedido: cgscacau@gmail.com
2025-12-28 19:36:39 | INFO     | app.db:get_supabase_client:55 - Cliente Supabase criado com sucesso
2025-12-28 19:43:00 | INFO     | app.db:select:254 - Encontrados 0 registros em accounts
